2026-03-23 23:20:51 Info: [WORKER PID: 2634][default] - starting to process background jobs...
2026-03-23 23:20:51 Info: [WORKER PID: 2641][email] - starting to process background jobs...
2026-03-23 23:20:51 Info: [WORKER PID: 2633][default] - starting to process background jobs...
2026-03-23 23:20:51 Info: [WORKER PID: 2630][default] - starting to process background jobs...
2026-03-23 23:20:51 Info: [WORKER PID: 2666][cache] - starting to process background jobs...
2026-03-23 23:20:51 Info: [WORKER PID: 2632][default] - starting to process background jobs...
2026-03-23 23:20:51 Info: [WORKER PID: 2631][default] - starting to process background jobs...
2026-03-23 23:20:51 Info: [WORKER PID: 2636][email] - starting to process background jobs...
2026-03-23 23:20:51 Info: [WORKER PID: 2709][cache] - starting to process background jobs...
2026-03-23 23:20:51 Info: [WORKER PID: 2655][email] - starting to process background jobs...
2026-03-23 23:20:51 Info: [WORKER PID: 2647][email] - starting to process background jobs...
2026-03-23 23:20:51 Info: [WORKER PID: 2743][prio] - starting to process background jobs...
2026-03-23 23:20:51 Info: [WORKER PID: 2745][prio] - starting to process background jobs...
2026-03-23 23:20:51 Info: [WORKER PID: 2681][cache] - starting to process background jobs...
2026-03-23 23:20:51 Info: [WORKER PID: 2635][email] - starting to process background jobs...
2026-03-23 23:20:51 Info: [WORKER PID: 2751][update] - starting to process background jobs...
2026-03-23 23:20:51 Info: [WORKER PID: 2732][prio] - starting to process background jobs...
2026-03-23 23:20:51 Info: [WORKER PID: 2722][cache] - starting to process background jobs...
2026-03-23 23:20:51 Info: [WORKER PID: 2739][prio] - starting to process background jobs...
2026-03-23 23:20:51 Info: [WORKER PID: 2692][cache] - starting to process background jobs...
2026-03-23 23:20:51 Info: [WORKER PID: 2737][prio] - starting to process background jobs...
2026-03-23 23:20:51 Info: [WORKER PID: 2753][scheduler] - starting task scheduler...
2026-03-23 23:24:01 Info: [WORKER PID: 2753][scheduler] - Task ID: 1 - processing task: Feed
2026-03-23 23:24:02 Info: [WORKER PID: 2633][default] - launching job with ID: e3209e5a-7390-4394-aa76-e4c7cd4795c0
2026-03-23 23:24:02 Info: [JOB ID: e3209e5a-7390-4394-aa76-e4c7cd4795c0] - started command `server fetchFeed 1 all 1`.
2026-03-23 23:24:02 Info: [WORKER PID: 2753][scheduler] - Task ID: 1 - enqueued fetch for Feed ID: all.
2026-03-23 23:24:02 Info: [WORKER PID: 2753][scheduler] - Task ID: 2 - processing task: Feed
2026-03-23 23:24:02 Info: [WORKER PID: 2634][default] - launching job with ID: e59d9f9f-fade-4b3c-bc30-0785443e031e
2026-03-23 23:24:02 Info: [JOB ID: e59d9f9f-fade-4b3c-bc30-0785443e031e] - started command `server cacheFeed 1 all 2`.
2026-03-23 23:24:02 Info: [WORKER PID: 2753][scheduler] - Task ID: 2 - enqueued cache for Feed with scope: all.
2026-03-23 23:24:02 Info: [WORKER PID: 2753][scheduler] - Task ID: 3 - processing task: Server
2026-03-23 23:24:02 Info: [WORKER PID: 2632][default] - launching job with ID: fc89e81d-722f-4d9f-8d7d-7e5bc0c124c1
2026-03-23 23:24:02 Info: [JOB ID: fc89e81d-722f-4d9f-8d7d-7e5bc0c124c1] - started command `server pullAll 1 full 3`.
2026-03-23 23:24:02 Info: [WORKER PID: 2753][scheduler] - Task ID: 3 - enqueued Server Pull for all servers.
2026-03-23 23:24:02 Info: [WORKER PID: 2753][scheduler] - Task ID: 4 - processing task: Server
2026-03-23 23:24:02 Info: [WORKER PID: 2630][default] - launching job with ID: bd4fe954-1913-41b2-826f-f5d84d083fe8
2026-03-23 23:24:02 Info: [JOB ID: bd4fe954-1913-41b2-826f-f5d84d083fe8] - started command `server pushAll 1 full 4`.
2026-03-23 23:24:02 Info: [WORKER PID: 2753][scheduler] - Task ID: 4 - enqueued Server Push for all servers.
2026-03-23 23:24:02 Info: [WORKER PID: 2753][scheduler] - Task ID: 5 - processing task: Admin
2026-03-23 23:24:02 Info: [WORKER PID: 2631][default] - launching job with ID: 15fedadc-7ea1-4bc6-b123-a3a5076e5e26
2026-03-23 23:24:02 Info: [JOB ID: 15fedadc-7ea1-4bc6-b123-a3a5076e5e26] - started command `admin updateGalaxies  5`.
2026-03-23 23:24:02 Info: [WORKER PID: 2753][scheduler] - Task ID: 5 - enqueued Admin Action: updateGalaxies.
2026-03-23 23:24:02 Info: [WORKER PID: 2753][scheduler] - Task ID: 6 - processing task: Admin
2026-03-23 23:24:02 Info: [WORKER PID: 2753][scheduler] - Task ID: 6 - enqueued Admin Action: updateTaxonomies.
2026-03-23 23:24:02 Info: [WORKER PID: 2753][scheduler] - Task ID: 7 - processing task: Admin
2026-03-23 23:24:02 Info: [WORKER PID: 2753][scheduler] - Task ID: 7 - enqueued Admin Action: updateWarningLists.
2026-03-23 23:24:02 Info: [WORKER PID: 2753][scheduler] - Task ID: 8 - processing task: Admin
2026-03-23 23:24:02 Info: [WORKER PID: 2753][scheduler] - Task ID: 8 - enqueued Admin Action: updateNoticeLists.
2026-03-23 23:24:02 Info: [WORKER PID: 2753][scheduler] - Task ID: 9 - processing task: Admin
2026-03-23 23:24:02 Info: [WORKER PID: 2753][scheduler] - Task ID: 9 - enqueued Admin Action: updateObjectTemplates.
2026-03-23 23:24:02 Info: [JOB ID: bd4fe954-1913-41b2-826f-f5d84d083fe8] - successfully completed in 0.199 seconds.
2026-03-23 23:24:02 Info: [WORKER PID: 2630][default] - launching job with ID: 0407dfee-476b-4662-b6a8-3159473cb7cd
2026-03-23 23:24:02 Info: [JOB ID: 0407dfee-476b-4662-b6a8-3159473cb7cd] - started command `admin updateTaxonomies 6`.
2026-03-23 23:24:02 Info: [JOB ID: fc89e81d-722f-4d9f-8d7d-7e5bc0c124c1] - successfully completed in 0.218 seconds.
2026-03-23 23:24:02 Info: [WORKER PID: 2632][default] - launching job with ID: 6b265bca-4e4a-4495-8de3-f6841f3b63fd
2026-03-23 23:24:02 Info: [JOB ID: 6b265bca-4e4a-4495-8de3-f6841f3b63fd] - started command `admin updateWarningLists 7`.
2026-03-23 23:24:02 Info: [JOB ID: e3209e5a-7390-4394-aa76-e4c7cd4795c0] - successfully completed in 0.276 seconds.
2026-03-23 23:24:02 Info: [WORKER PID: 2633][default] - launching job with ID: 9bc0194a-2d25-4b64-8a6f-8160b2eb840e
2026-03-23 23:24:02 Info: [JOB ID: 9bc0194a-2d25-4b64-8a6f-8160b2eb840e] - started command `admin updateNoticeLists 8`.
2026-03-23 23:24:02 Info: [JOB ID: e59d9f9f-fade-4b3c-bc30-0785443e031e] - successfully completed in 0.275 seconds.
2026-03-23 23:24:02 Info: [WORKER PID: 2634][default] - launching job with ID: 824a361d-7a43-4c9f-a7c2-cc1e79764fad
2026-03-23 23:24:02 Info: [JOB ID: 824a361d-7a43-4c9f-a7c2-cc1e79764fad] - started command `admin updateObjectTemplates 1 9`.
2026-03-23 23:24:02 Info: [JOB ID: 0407dfee-476b-4662-b6a8-3159473cb7cd] - successfully completed in 0.216 seconds.
2026-03-23 23:24:02 Info: [JOB ID: 9bc0194a-2d25-4b64-8a6f-8160b2eb840e] - successfully completed in 0.231 seconds.
2026-03-23 23:24:02 Info: [JOB ID: 824a361d-7a43-4c9f-a7c2-cc1e79764fad] - successfully completed in 0.587 seconds.
2026-03-23 23:24:02 Info: [JOB ID: 6b265bca-4e4a-4495-8de3-f6841f3b63fd] - successfully completed in 0.634 seconds.
2026-03-23 23:24:03 Info: [JOB ID: 15fedadc-7ea1-4bc6-b123-a3a5076e5e26] - successfully completed in 0.966 seconds.
2026-03-23 23:26:34 Info: [WORKER PID: 2041][default] - starting to process background jobs...
2026-03-23 23:26:34 Info: [WORKER PID: 2093][cache] - starting to process background jobs...
2026-03-23 23:26:34 Info: [WORKER PID: 2032][default] - starting to process background jobs...
2026-03-23 23:26:34 Info: [WORKER PID: 2034][default] - starting to process background jobs...
2026-03-23 23:26:34 Info: [WORKER PID: 2043][email] - starting to process background jobs...
2026-03-23 23:26:34 Info: [WORKER PID: 2055][email] - starting to process background jobs...
2026-03-23 23:26:34 Info: [WORKER PID: 2100][cache] - starting to process background jobs...
2026-03-23 23:26:34 Info: [WORKER PID: 2048][email] - starting to process background jobs...
2026-03-23 23:26:34 Info: [WORKER PID: 2110][prio] - starting to process background jobs...
2026-03-23 23:26:34 Info: [WORKER PID: 2128][update] - starting to process background jobs...
2026-03-23 23:26:34 Info: [WORKER PID: 2091][cache] - starting to process background jobs...
2026-03-23 23:26:34 Info: [WORKER PID: 2035][default] - starting to process background jobs...
2026-03-23 23:26:34 Info: [WORKER PID: 2071][email] - starting to process background jobs...
2026-03-23 23:26:34 Info: [WORKER PID: 2124][prio] - starting to process background jobs...
2026-03-23 23:26:34 Info: [WORKER PID: 2051][email] - starting to process background jobs...
2026-03-23 23:26:34 Info: [WORKER PID: 2112][prio] - starting to process background jobs...
2026-03-23 23:26:34 Info: [WORKER PID: 2033][default] - starting to process background jobs...
2026-03-23 23:26:34 Info: [WORKER PID: 2129][scheduler] - starting task scheduler...
2026-03-23 23:26:34 Info: [WORKER PID: 2106][prio] - starting to process background jobs...
2026-03-23 23:26:34 Info: [WORKER PID: 2087][cache] - starting to process background jobs...
2026-03-23 23:26:35 Info: [WORKER PID: 2097][cache] - starting to process background jobs...
2026-03-23 23:26:35 Info: [WORKER PID: 2114][prio] - starting to process background jobs...
2026-03-24 00:00:05 Info: [WORKER PID: 2129][scheduler] - Task ID: 1 - processing task: Feed
2026-03-24 00:00:05 Info: [WORKER PID: 2041][default] - launching job with ID: 7fc5c331-8411-4137-a74c-8984e284156b
2026-03-24 00:00:05 Info: [JOB ID: 7fc5c331-8411-4137-a74c-8984e284156b] - started command `server fetchFeed 1 all 10`.
2026-03-24 00:00:05 Info: [WORKER PID: 2129][scheduler] - Task ID: 1 - enqueued fetch for Feed ID: all.
2026-03-24 00:00:05 Info: [WORKER PID: 2129][scheduler] - Task ID: 2 - processing task: Feed
2026-03-24 00:00:05 Info: [WORKER PID: 2034][default] - launching job with ID: 01385962-5f5e-4072-9785-efa2e8438506
2026-03-24 00:00:05 Info: [JOB ID: 01385962-5f5e-4072-9785-efa2e8438506] - started command `server cacheFeed 1 all 11`.
2026-03-24 00:00:05 Info: [WORKER PID: 2129][scheduler] - Task ID: 2 - enqueued cache for Feed with scope: all.
2026-03-24 00:00:05 Info: [WORKER PID: 2129][scheduler] - Task ID: 3 - processing task: Server
2026-03-24 00:00:05 Info: [WORKER PID: 2032][default] - launching job with ID: a07d8de4-729c-4db7-a6b8-c10df1a6de3d
2026-03-24 00:00:05 Info: [JOB ID: a07d8de4-729c-4db7-a6b8-c10df1a6de3d] - started command `server pullAll 1 full 12`.
2026-03-24 00:00:05 Info: [WORKER PID: 2129][scheduler] - Task ID: 3 - enqueued Server Pull for all servers.
2026-03-24 00:00:05 Info: [WORKER PID: 2129][scheduler] - Task ID: 4 - processing task: Server
2026-03-24 00:00:05 Info: [WORKER PID: 2035][default] - launching job with ID: cf3afc78-c967-48f9-a310-b892e3164206
2026-03-24 00:00:05 Info: [JOB ID: cf3afc78-c967-48f9-a310-b892e3164206] - started command `server pushAll 1 full 13`.
2026-03-24 00:00:05 Info: [WORKER PID: 2129][scheduler] - Task ID: 4 - enqueued Server Push for all servers.
2026-03-24 00:00:05 Info: [WORKER PID: 2129][scheduler] - Task ID: 5 - processing task: Admin
2026-03-24 00:00:05 Info: [WORKER PID: 2033][default] - launching job with ID: fb55da8c-cc53-4e45-8013-c8ec18774e34
2026-03-24 00:00:05 Info: [JOB ID: fb55da8c-cc53-4e45-8013-c8ec18774e34] - started command `admin updateGalaxies  14`.
2026-03-24 00:00:05 Info: [WORKER PID: 2129][scheduler] - Task ID: 5 - enqueued Admin Action: updateGalaxies.
2026-03-24 00:00:05 Info: [WORKER PID: 2129][scheduler] - Task ID: 6 - processing task: Admin
2026-03-24 00:00:05 Info: [WORKER PID: 2129][scheduler] - Task ID: 6 - enqueued Admin Action: updateTaxonomies.
2026-03-24 00:00:05 Info: [WORKER PID: 2129][scheduler] - Task ID: 7 - processing task: Admin
2026-03-24 00:00:05 Info: [WORKER PID: 2129][scheduler] - Task ID: 7 - enqueued Admin Action: updateWarningLists.
2026-03-24 00:00:05 Info: [WORKER PID: 2129][scheduler] - Task ID: 8 - processing task: Admin
2026-03-24 00:00:05 Info: [WORKER PID: 2129][scheduler] - Task ID: 8 - enqueued Admin Action: updateNoticeLists.
2026-03-24 00:00:05 Info: [WORKER PID: 2129][scheduler] - Task ID: 9 - processing task: Admin
2026-03-24 00:00:05 Info: [WORKER PID: 2129][scheduler] - Task ID: 9 - enqueued Admin Action: updateObjectTemplates.
2026-03-24 00:00:05 Info: [JOB ID: 01385962-5f5e-4072-9785-efa2e8438506] - successfully completed in 0.233 seconds.
2026-03-24 00:00:05 Info: [WORKER PID: 2034][default] - launching job with ID: e18df49c-7cf0-4ea0-9a7d-f59ec7b00220
2026-03-24 00:00:05 Info: [JOB ID: e18df49c-7cf0-4ea0-9a7d-f59ec7b00220] - started command `admin updateTaxonomies 15`.
2026-03-24 00:00:05 Info: [JOB ID: 7fc5c331-8411-4137-a74c-8984e284156b] - successfully completed in 0.249 seconds.
2026-03-24 00:00:05 Info: [WORKER PID: 2041][default] - launching job with ID: 96ccb4e1-8d6c-44be-b511-4e6943b14523
2026-03-24 00:00:05 Info: [JOB ID: 96ccb4e1-8d6c-44be-b511-4e6943b14523] - started command `admin updateWarningLists 16`.
2026-03-24 00:00:05 Info: [JOB ID: a07d8de4-729c-4db7-a6b8-c10df1a6de3d] - successfully completed in 0.228 seconds.
2026-03-24 00:00:05 Info: [WORKER PID: 2032][default] - launching job with ID: f25c4fa8-4f64-4c3b-a847-2245139cd4ad
2026-03-24 00:00:05 Info: [JOB ID: f25c4fa8-4f64-4c3b-a847-2245139cd4ad] - started command `admin updateNoticeLists 17`.
2026-03-24 00:00:05 Info: [JOB ID: cf3afc78-c967-48f9-a310-b892e3164206] - successfully completed in 0.234 seconds.
2026-03-24 00:00:05 Info: [WORKER PID: 2035][default] - launching job with ID: 113f3e44-c289-4e7d-b0d0-a3b303429cfd
2026-03-24 00:00:05 Info: [JOB ID: 113f3e44-c289-4e7d-b0d0-a3b303429cfd] - started command `admin updateObjectTemplates 1 18`.
2026-03-24 00:00:05 Info: [JOB ID: f25c4fa8-4f64-4c3b-a847-2245139cd4ad] - successfully completed in 0.271 seconds.
2026-03-24 00:00:05 Info: [JOB ID: e18df49c-7cf0-4ea0-9a7d-f59ec7b00220] - successfully completed in 0.328 seconds.
2026-03-24 00:00:06 Info: [JOB ID: 96ccb4e1-8d6c-44be-b511-4e6943b14523] - successfully completed in 0.541 seconds.
2026-03-24 00:00:06 Info: [JOB ID: 113f3e44-c289-4e7d-b0d0-a3b303429cfd] - successfully completed in 0.564 seconds.
2026-03-24 00:00:06 Info: [JOB ID: fb55da8c-cc53-4e45-8013-c8ec18774e34] - successfully completed in 0.919 seconds.
